
> votewise@0.1.0 test:run
> vitest run

npm.cmd : [2m9:02:04 pm[22m [33m[1m[vite][22m[39m [33mwarning: `esbuild` option was specified by 
"vite:react-babel" plugin. This option is deprecated, please use `oxc` instead.[39m
At line:1 char:1
+ npm.cmd run test:run > test-output.txt 2>&1
+ ~~~~~~~~~~~~~~~~~~~~~~~~~~~~~~~~~~~~~~~~~~~
    + CategoryInfo          : NotSpecified: ([2m9:02:04 pm...` instead.[39m:String) [], RemoteException
    + FullyQualifiedErrorId : NativeCommandError
 
[2m9:02:04 pm[22m [33m[1m[vite][22m[39m [33mwarning: `optimizeDeps.esbuildOptions` option was specified by 
"vite:react-babel" plugin. This option is deprecated, please use `optimizeDeps.rolldownOptions` instead.[39m
[33mBoth esbuild and oxc options were set. oxc options will be used and esbuild options will be ignored.[39m The 
following esbuild options were set: `{ jsx: 'automatic', jsxImportSource: undefined }`

[1m[30m[46m RUN [49m[39m[22m [36mv4.1.5 [39m[90mC:/Users/RJ Rathore/Desktop/promptwars/Votewisee/VoteWise[39m

 [31mΓ¥»[39m src/tests/Quiz.test.jsx [2m([22m[2m4 tests[22m[2m | [22m[31m1 failed[39m[2m)[22m[33m 1614[2mms[22m[39m
[31m     [31m├ù[31m renders the quiz title correctly[39m[33m 305[2mms[22m[39m
     [32mΓ£ô[39m renders all 3 difficulty level cards[32m 53[2mms[22m[39m
     [32mΓ£ô[39m starts quiz when difficulty card is clicked[32m 199[2mms[22m[39m
     [33m[2mΓ£ô[22m[39m shows explanation after answer is selected [33m 1050[2mms[22m[39m
 [31mΓ¥»[39m src/tests/VoterGuide.test.jsx [2m([22m[2m4 tests[22m[2m | [22m[31m3 failed[39m[2m)[22m[33m 2361[2mms[22m[39m
[31m     [31m├ù[31m renders all 5 steps[39m[33m 912[2mms[22m[39m
[31m     [31m├ù[31m shows progress bar[39m[33m 563[2mms[22m[39m
[31m     [31m├ù[31m updates progress when step is checked[39m[33m 807[2mms[22m[39m
     [32mΓ£ô[39m renders reset button[32m 68[2mms[22m[39m
 [31mΓ¥»[39m src/tests/ElectionTimeline.test.jsx [2m([22m[2m3 tests[22m[2m | [22m[31m2 failed[39m[2m)[22m[33m 2237[2mms[22m[39m
[31m     [31m├ù[31m renders the timeline title[39m[33m 985[2mms[22m[39m
     [33m[2mΓ£ô[22m[39m renders all 7 stages [33m 760[2mms[22m[39m
[31m     [31m├ù[31m expands stage when clicked[39m[33m 485[2mms[22m[39m
 [31mΓ¥»[39m src/tests/Glossary.test.jsx [2m([22m[2m4 tests[22m[2m | [22m[31m2 failed[39m[2m)[22m[33m 370[2mms[22m[39m
     [32mΓ£ô[39m renders the glossary title[32m 175[2mms[22m[39m
     [32mΓ£ô[39m shows all 20 terms by default[32m 44[2mms[22m[39m
[31m     [31m├ù[31m filters terms when searching[39m[32m 73[2mms[22m[39m
[31m     [31m├ù[31m filters terms by letter[39m[32m 70[2mms[22m[39m

[31mΓÄ»ΓÄ»ΓÄ»ΓÄ»ΓÄ»ΓÄ»ΓÄ»[39m[1m[41m Failed Tests 8 [49m[22m[31mΓÄ»ΓÄ»ΓÄ»ΓÄ»ΓÄ»ΓÄ»ΓÄ»[39m

[41m[1m FAIL [22m[49m src/tests/ElectionTimeline.test.jsx[2m > [22mElectionTimeline Component[2m > [22mrenders 
the timeline title
[31m[1mTestingLibraryElementError[22m[39m: Unable to find an element with the text: /Election Timeline/i. This 
could be because the text is broken up by multiple elements. In this case, you can provide a function for your text 
matcher to make your matcher more flexible.

Ignored nodes: comments, script, style
[36m<body>[39m
  [36m<div>[39m
    [36m<section[39m
      [33maria-labelledby[39m=[32m"timeline-heading"[39m
      [33mclass[39m=[32m"relative px-4 sm:px-6 lg:px-8 py-16 lg:py-24 overflow-hidden"[39m
      [33mid[39m=[32m"election-timeline"[39m
      [33mstyle[39m=[32m"background: rgb(250, 250, 248);"[39m
    [36m>[39m
      [36m<div[39m
        [33mclass[39m=[32m"absolute top-0 right-0 w-96 h-96 bg-saffron/4 rounded-full blur-3xl 
pointer-events-none"[39m
      [36m/>[39m
      [36m<div[39m
        [33mclass[39m=[32m"absolute bottom-0 left-0 w-72 h-72 bg-saffron/3 rounded-full blur-3xl 
pointer-events-none"[39m
      [36m/>[39m
      [36m<div[39m
        [33mclass[39m=[32m"relative z-10 max-w-5xl mx-auto"[39m
      [36m>[39m
        [36m<div[39m
          [33mclass[39m=[32m"text-center mb-12 lg:mb-16"[39m
        [36m>[39m
          [36m<div[39m
            [33mclass[39m=[32m"module-badge"[39m
          [36m>[39m
            [36m<span[39m
              [33mclass[39m=[32m"module-badge-line"[39m
            [36m/>[39m
            [36m<span[39m
              [33mclass[39m=[32m"module-badge-text"[39m
            [36m>[39m
              [0mModule 1[0m
            [36m</span>[39m
            [36m<span[39m
              [33mclass[39m=[32m"module-badge-line"[39m
            [36m/>[39m
          [36m</div>[39m
          [36m<h2[39m
            [33mclass[39m=[32m"text-3xl sm:text-4xl lg:text-5xl font-black tracking-tight text-text-primary 
dark:text-text-primary-dark"[39m
            [33mid[39m=[32m"timeline-heading"[39m
          [36m>[39m
            [0mElection[0m
            [0m [0m
            [36m<span[39m
              [33mclass[39m=[32m"text-gradient"[39m
            [36m>[39m
              [0mTimeline[0m
            [36m</span>[39m
            [0m [0m
            [0mExplorer[0m
          [36m</h2>[39m
          [36m<p[39m
            [33mclass[39m=[32m"mt-4 text-base sm:text-lg text-text-secondary dark:text-text-secondary-dark 
max-w-2xl mx-auto leading-relaxed"[39m
          [36m>[39m
            [0mIndia's election journey unfolds in [0m
            [36m<strong[39m
              [33mclass[39m=[32m"text-gray-800 dark:text-gray-200"[39m
            [36m>[39m
              [0m7 key stages[0m
            [36m</strong>[39m
            [0m. Click any stage to discover what happens, who's responsible, and a real example.[0m
          [36m</p>[39m
        [36m</div>[39m
        [36m<div[39m
          [33maria-hidden[39m=[32m"true"[39m
          [33mclass[39m=[32m"hidden md:flex items-center justify-between mb-6 px-6 relative"[39m
        [36m>[39m
          [36m<div[39m
            [33mclass[39m=[32m"flex flex-col items-center gap-1 relative z-10 flex-1"[39m
          [36m>[39m
            [36m<div[39m
              [33mclass[39m=[32m"w-3 h-3 rounded-full border-2 transition-all duration-300"[39m
              [33mstyle[39m=[32m"border-color: rgb(26, 115, 232); background-color: transparent; box-shadow: 
none;"[39m
            [36m/>[39m
          [36m</div>[39m
          [36m<div[39m
            [33mclass[39m=[32m"flex flex-col items-center gap-1 relative z-10 flex-1"[39m
          [36m>[39m
            [36m<div[39m
              [33mclass[39m=[32m"w-3 h-3 rounded-full border-2 transition-all duration-300"[39m
              [33mstyle[39m=[32m"border-color: rgb(15, 157, 88); background-color: transparent; box-shadow: 
none;"[39m
            [36m/>[39m
          [36m</div>[39m
          [36m<div[39m
            [33mclass[39m=[32m"flex flex-col items-center gap-1 relative z-10 flex-1"[39m
          [36m>[39m
            [36m<div[39m
              [33mclass[39m=[32m"w-3 h-3 rounded-full border-2 transition-all duration-300"[39m
              [33mstyle[39m=[32m"border-color: rgb(244, 180, 0); background-color: transparent; box-shadow: 
none;"[39m
            [36m/>[39m
          [36m</div>[39m
          [36m<div[39m
            [33mclass[39m=[32m"flex flex-col items-center gap-1 relative z-10 flex-1"[39m
          [36m>[39m
            [36m<div[39m
              [33mclass[39m=[32m"w-3 h-3 rounded-full border-2 transition-all duration-300"[39m
              [33mstyle[39m=[32m"border-color: rgb(171, 71, 188); background-color: transparent; box-shadow: 
none;"[39m
            [36m/>[39m
          [36m</div>[39m
          [36m<div[39m
            [33mclass[39m=[32m"flex flex-col items-center gap-1 relative z-10 flex-1"[39m
          [36m>[39m
            [36m<div[39m
              [33mclass[39m=[32m"w-3 h-3 rounded-full border-2 transition-all duration-300"[39m
              [33mstyle[39m=[32m"border-color: rgb(26, 115, 232); background-color: transparent; box-shadow: 
none;"[39m
            [36m/>[39m
          [36m</div>[39m
          [36m<div[39m
            [33mclass[39m=[32m"flex flex-col items-center gap-1 relative z-10 flex-1"[39m
          [36m>[39m
            [36m<div[39m
              [33mclass[39m=[32m"w-3 h-3 rounded-full border-2 transition-all duration-300"[39m
              [33mstyle[39m=[32m"border-color: rgb(229, 57, 53); background-color: transparent; box-shadow: 
none;"[39m
            [36m/>[39m
          [36m</div>[39m
          [36m<div[39m
            [33mclass[39m=[32m"flex flex-col items-center gap-1 relative z-10 flex-1"[39m
          [36m>[39m
            [36m<div[39m
              [33mclass[39m=[32m"w-3 h-3 rounded-full border-2 transition-all duration-300"[39m
              [33mstyle[39m=[32m"border-color: rgb(255, 111, 0); background-color: transparent; box-shadow: 
none;"[39m
            [36m/>[39m
          [36m</div>[39m
          [36m<div[39m
            [33mclass[39m=[32m"absolute top-[5px] left-[calc(100%/14)] right-[calc(100%/14)] h-0.5 bg-border-light 
dark:bg-border-dark z-0 rounded-full"[39m
          [36m>[39m
            [36m<div[39m
              [33mclass[39m=[32m"h-full rounded-full transition-all duration-500"[39m
              [33mstyle[39m=[32m"background: linear-gradient(90deg, rgb(255, 153, 51), rgb(230, 135, 42)); width: 
0%;"[39m
            [36m/>[39m
          [36m</div>[39m
        [36m</div>[39m
        [36m<div[39m
          [33maria-label[39m=[32m"Election timeline stages"[39m
          [33mclass[39m=[32m"grid grid-cols-1 gap-3 md:gap-4"[39m
          [33mrole[39m=[32m"list"[39m
        [36m>[39m
          [36m<div[39m
            [33mrole[39m=[32m"listitem"[39m
          [36m>[39m
            [36m<div[39m
              [33mclass[39m=[32m"relative flex md:flex-col items-stretch"[39m
            [36m>[39m
              [36m<div[39m
                [33mclass[39m=[32m"hidden md:block absolute top-[2.65rem] left-[calc(50%+2rem)] right-0 h-0.5 
z-0"[39m
            ...
[90m [2mΓ¥»[22m Object.getElementError node_modules/@testing-library/dom/dist/config.js:[2m37:19[22m[39m
[90m [2mΓ¥»[22m node_modules/@testing-library/dom/dist/query-helpers.js:[2m76:38[22m[39m
[90m [2mΓ¥»[22m node_modules/@testing-library/dom/dist/query-helpers.js:[2m52:17[22m[39m
[90m [2mΓ¥»[22m node_modules/@testing-library/dom/dist/query-helpers.js:[2m95:19[22m[39m
[36m [2mΓ¥»[22m src/tests/ElectionTimeline.test.jsx:[2m8:19[22m[39m
    [90m  6|[39m   [34mit[39m([32m'renders the timeline title'[39m[33m,[39m () [33m=>[39m {
    [90m  7|[39m     [34mrender[39m([33m<[39m[33mElectionTimeline[39m [33m/[39m[33m>[39m)
    [90m  8|[39m     [34mexpect[39m(screen[33m.[39m[34mgetByText[39m([36m/Election 
Timeline/i[39m))[33m.[39m[34mtoBeInTheDocument[39m()
    [90m   |[39m                   [31m^[39m
    [90m  9|[39m   })
    [90m 10|[39m

[31m[2mΓÄ»ΓÄ»ΓÄ»ΓÄ»ΓÄ»ΓÄ»ΓÄ»ΓÄ»ΓÄ»ΓÄ»ΓÄ»ΓÄ»ΓÄ»ΓÄ»ΓÄ»ΓÄ»ΓÄ»ΓÄ»ΓÄ»ΓÄ»ΓÄ»ΓÄ»ΓÄ»ΓÄ»[1/8]ΓÄ»[22m[39m

[41m[1m FAIL [22m[49m src/tests/ElectionTimeline.test.jsx[2m > [22mElectionTimeline Component[2m > [22mexpands 
stage when clicked
[31m[1mTestingLibraryElementError[22m[39m: Found multiple elements with the text: /What Happens/i

Here are the matching elements:

Ignored nodes: comments, script, style
[36m<p[39m
  [33mclass[39m=[32m"mt-4 text-base sm:text-lg text-text-secondary dark:text-text-secondary-dark max-w-2xl mx-auto 
leading-relaxed"[39m
[36m>[39m
  [0mIndia's election journey unfolds in [0m
  [36m<strong[39m
    [33mclass[39m=[32m"text-gray-800 dark:text-gray-200"[39m
  [36m>[39m
    [0m7 key stages[0m
  [36m</strong>[39m
  [0m. Click any stage to discover what happens, who's responsible, and a real example.[0m
[36m</p>[39m

Ignored nodes: comments, script, style
[36m<p[39m
  [33mclass[39m=[32m"text-xs font-semibold uppercase tracking-widest text-text-secondary 
dark:text-text-secondary-dark mb-1"[39m
[36m>[39m
  [0mWhat Happens[0m
[36m</p>[39m

Ignored nodes: comments, script, style
[36m<p[39m
  [33mclass[39m=[32m"text-xs font-semibold uppercase tracking-widest text-text-secondary 
dark:text-text-secondary-dark mb-1"[39m
[36m>[39m
  [0mWhat Happens[0m
[36m</p>[39m

Ignored nodes: comments, script, style
[36m<p[39m
  [33mclass[39m=[32m"text-xs font-semibold uppercase tracking-widest text-text-secondary 
dark:text-text-secondary-dark mb-1"[39m
[36m>[39m
  [0mWhat Happens[0m
[36m</p>[39m

Ignored nodes: comments, script, style
[36m<p[39m
  [33mclass[39m=[32m"text-xs font-semibold uppercase tracking-widest text-text-secondary 
dark:text-text-secondary-dark mb-1"[39m
[36m>[39m
  [0mWhat Happens[0m
[36m</p>[39m

Ignored nodes: comments, script, style
[36m<p[39m
  [33mclass[39m=[32m"text-xs font-semibold uppercase tracking-widest text-text-secondary 
dark:text-text-secondary-dark mb-1"[39m
[36m>[39m
  [0mWhat Happens[0m
[36m</p>[39m

Ignored nodes: comments, script, style
[36m<p[39m
  [33mclass[39m=[32m"text-xs font-semibold uppercase tracking-widest text-text-secondary 
dark:text-text-secondary-dark mb-1"[39m
[36m>[39m
  [0mWhat Happens[0m
[36m</p>[39m

Ignored nodes: comments, script, style
[36m<p[39m
  [33mclass[39m=[32m"text-xs font-semibold uppercase tracking-widest text-text-secondary 
dark:text-text-secondary-dark mb-1"[39m
[36m>[39m
  [0mWhat Happens[0m
[36m</p>[39m

(If this is intentional, then use the `*AllBy*` variant of the query (like `queryAllByText`, `getAllByText`, or 
`findAllByText`)).

Ignored nodes: comments, script, style
[36m<body>[39m
  [36m<div>[39m
    [36m<section[39m
      [33maria-labelledby[39m=[32m"timeline-heading"[39m
      [33mclass[39m=[32m"relative px-4 sm:px-6 lg:px-8 py-16 lg:py-24 overflow-hidden"[39m
      [33mid[39m=[32m"election-timeline"[39m
      [33mstyle[39m=[32m"background: rgb(250, 250, 248);"[39m
    [36m>[39m
      [36m<div[39m
        [33mclass[39m=[32m"absolute top-0 right-0 w-96 h-96 bg-saffron/4 rounded-full blur-3xl 
pointer-events-none"[39m
      [36m/>[39m
      [36m<div[39m
        [33mclass[39m=[32m"absolute bottom-0 left-0 w-72 h-72 bg-saffron/3 rounded-full blur-3xl 
pointer-events-none"[39m
      [36m/>[39m
      [36m<div[39m
        [33mclass[39m=[32m"relative z-10 max-w-5xl mx-auto"[39m
      [36m>[39m
        [36m<div[39m
          [33mclass[39m=[32m"text-center mb-12 lg:mb-16"[39m
        [36m>[39m
          [36m<div[39m
            [33mclass[39m=[32m"module-badge"[39m
          [36m>[39m
            [36m<span[39m
              [33mclass[39m=[32m"module-badge-line"[39m
            [36m/>[39m
            [36m<span[39m
              [33mclass[39m=[32m"module-badge-text"[39m
            [36m>[39m
              [0mModule 1[0m
            [36m</span>[39m
            [36m<span[39m
              [33mclass[39m=[32m"module-badge-line"[39m
            [36m/>[39m
          [36m</div>[39m
          [36m<h2[39m
            [33mclass[39m=[32m"text-3xl sm:text-4xl lg:text-5xl font-black tracking-tight text-text-primary 
dark:text-text-primary-dark"[39m
            [33mid[39m=[32m"timeline-heading"[39m
          [36m>[39m
            [0mElection[0m
            [0m [0m
            [36m<span[39m
              [33mclass[39m=[32m"text-gradient"[39m
            [36m>[39m
              [0mTimeline[0m
            [36m</span>[39m
            [0m [0m
            [0mExplorer[0m
          [36m</h2>[39m
          [36m<p[39m
            [33mclass[39m=[32m"mt-4 text-base sm:text-lg text-text-secondary dark:text-text-secondary-dark 
max-w-2xl mx-auto leading-relaxed"[39m
          [36m>[39m
            [0mIndia's election journey unfolds in [0m
            [36m<strong[39m
              [33mclass[39m=[32m"text-gray-800 dark:text-gray-200"[39m
            [36m>[39m
              [0m7 key stages[0m
            [36m</strong>[39m
            [0m. Click any stage to discover what happens, who's responsible, and a real example.[0m
          [36m</p>[39m
        [36m</div>[39m
        [36m<div[39m
          [33maria-hidden[39m=[32m"true"[39m
          [33mclass[39m=[32m"hidden md:flex items-center justify-between mb-6 px-6 relative"[39m
        [36m>[39m
          [36m<div[39m
            [33mclass[39m=[32m"flex flex-col items-center gap-1 relative z-10 flex-1"[39m
          [36m>[39m
            [36m<div[39m
              [33mclass[39m=[32m"w-3 h-3 rounded-full border-2 transition-all duration-300"[39m
              [33mstyle[39m=[32m"border-color: rgb(26, 115, 232); background-color: rgb(26, 115, 232); box-shadow: 
0 0 0 4px #1A73E830;"[39m
            [36m/>[39m
          [36m</div>[39m
          [36m<div[39m
            [33mclass[39m=[32m"flex flex-col items-center gap-1 relative z-10 flex-1"[39m
          [36m>[39m
            [36m<div[39m
              [33mclass[39m=[32m"w-3 h-3 rounded-full border-2 transition-all duration-300"[39m
              [33mstyle[39m=[32m"border-color: rgb(15, 157, 88); background-color: transparent; box-shadow: 
none;"[39m
            [36m/>[39m
          [36m</div>[39m
          [36m<div[39m
            [33mclass[39m=[32m"flex flex-col items-center gap-1 relative z-10 flex-1"[39m
          [36m>[39m
            [36m<div[39m
              [33mclass[39m=[32m"w-3 h-3 rounded-full border-2 transition-all duration-300"[39m
              [33mstyle[39m=[32m"border-color: rgb(244, 180, 0); background-color: transparent; box-shadow: 
none;"[39m
            [36m/>[39m
          [36m</div>[39m
          [36m<div[39m
            [33mclass[39m=[32m"flex flex-col items-center gap-1 relative z-10 flex-1"[39m
          [36m>[39m
            [36m<div[39m
              [33mclass[39m=[32m"w-3 h-3 rounded-full border-2 transition-all duration-300"[39m
              [33mstyle[39m=[32m"border-color: rgb(171, 71, 188); background-color: transparent; box-shadow: 
none;"[39m
            [36m/>[39m
          [36m</div>[39m
          [36m<div[39m
            [33mclass[39m=[32m"flex flex-col items-center gap-1 relative z-10 flex-1"[39m
          [36m>[39m
            [36m<div[39m
              [33mclass[39m=[32m"w-3 h-3 rounded-full border-2 transition-all duration-300"[39m
              [33mstyle[39m=[32m"border-color: rgb(26, 115, 232); background-color: transparent; box-shadow: 
none;"[39m
            [36m/>[39m
          [36m</div>[39m
          [36m<div[39m
            [33mclass[39m=[32m"flex flex-col items-center gap-1 relative z-10 flex-1"[39m
          [36m>[39m
            [36m<div[39m
              [33mclass[39m=[32m"w-3 h-3 rounded-full border-2 transition-all duration-300"[39m
              [33mstyle[39m=[32m"border-color: rgb(229, 57, 53); background-color: transparent; box-shadow: 
none;"[39m
            [36m/>[39m
          [36m</div>[39m
          [36m<div[39m
            [33mclass[39m=[32m"flex flex-col items-center gap-1 relative z-10 flex-1"[39m
          [36m>[39m
            [36m<div[39m
              [33mclass[39m=[32m"w-3 h-3 rounded-full border-2 transition-all duration-300"[39m
              [33mstyle[39m=[32m"border-color: rgb(255, 111, 0); background-color: transparent; box-shadow: 
none;"[39m
            [36m/>[39m
          [36m</div>[39m
          [36m<div[39m
            [33mclass[39m=[32m"absolute top-[5px] left-[calc(100%/14)] right-[calc(100%/14)] h-0.5 bg-border-light 
dark:bg-border-dark z-0 rounded-full"[39m
          [36m>[39m
            [36m<div[39m
              [33mclass[39m=[32m"h-full rounded-full transition-all duration-500"[39m
              [33mstyle[39m=[32m"background: linear-gradient(90deg, rgb(255, 153, 51), rgb(230, 135, 42)); width: 
7.142857142857142%;"[39m
            [36m/>[39m
          [36m</div>[39m
        [36m</div>[39m
        [36m<div[39m
          [33maria-label[39m=[32m"Election timeline stages"[39m
          [33mclass[39m=[32m"grid grid-cols-1 gap-3 md:gap-4"[39m
          [33mrole[39m=[32m"list"[39m
        [36m>[39m
          [36m<div[39m
            [33mrole[39m=[32m"listitem"[39m
          [36m>[39m
            [36m<div[39m
              [33mclass[39m=[32m"relative flex md:flex-col items-stretch"[39m
            [36m>[39m
              [36m<div[39m
                [33mclass[39m=[32m"hidden md:block absolute top-[2.65rem] left-[calc(50%+2rem)]...
[90m [2mΓ¥»[22m Object.getElementError node_modules/@testing-library/dom/dist/config.js:[2m37:19[22m[39m
[90m [2mΓ¥»[22m getElementError node_modules/@testing-library/dom/dist/query-helpers.js:[2m20:35[22m[39m
[90m [2mΓ¥»[22m getMultipleElementsFoundError 
node_modules/@testing-library/dom/dist/query-helpers.js:[2m23:10[22m[39m
[90m [2mΓ¥»[22m node_modules/@testing-library/dom/dist/query-helpers.js:[2m55:13[22m[39m
[90m [2mΓ¥»[22m node_modules/@testing-library/dom/dist/query-helpers.js:[2m95:19[22m[39m
[36m [2mΓ¥»[22m src/tests/ElectionTimeline.test.jsx:[2m22:19[22m[39m
    [90m 20|[39m     [34mrender[39m([33m<[39m[33mElectionTimeline[39m [33m/[39m[33m>[39m)
    [90m 21|[39m     fireEvent[33m.[39m[34mclick[39m(screen[33m.[39m[34mgetByText[39m([36m/Election 
Announcement/i[39m))
    [90m 22|[39m     [34mexpect[39m(screen[33m.[39m[34mgetByText[39m([36m/What 
Happens/i[39m))[33m.[39m[34mtoBeInTheDocument[39m()
    [90m   |[39m                   [31m^[39m
    [90m 23|[39m   })
    [90m 24|[39m })

[31m[2mΓÄ»ΓÄ»ΓÄ»ΓÄ»ΓÄ»ΓÄ»ΓÄ»ΓÄ»ΓÄ»ΓÄ»ΓÄ»ΓÄ»ΓÄ»ΓÄ»ΓÄ»ΓÄ»ΓÄ»ΓÄ»ΓÄ»ΓÄ»ΓÄ»ΓÄ»ΓÄ»ΓÄ»[2/8]ΓÄ»[22m[39m

[41m[1m FAIL [22m[49m src/tests/Glossary.test.jsx[2m > [22mGlossary Component[2m > [22mfilters terms when 
searching
[31m[1mTestingLibraryElementError[22m[39m: Found multiple elements with the text: /EVM/i

Here are the matching elements:

Ignored nodes: comments, script, style
[36m<span[39m
  [33mclass[39m=[32m"bg-yellow-200 dark:bg-yellow-800 text-gray-900 dark:text-white rounded-sm px-0.5"[39m
[36m>[39m
  [0mEVM[0m
[36m</span>[39m

Ignored nodes: comments, script, style
[36m<span[39m
  [33mclass[39m=[32m"bg-yellow-200 dark:bg-yellow-800 text-gray-900 dark:text-white rounded-sm px-0.5"[39m
[36m>[39m
  [0mEVM[0m
[36m</span>[39m

(If this is intentional, then use the `*AllBy*` variant of the query (like `queryAllByText`, `getAllByText`, or 
`findAllByText`)).

Ignored nodes: comments, script, style
[36m<body>[39m
  [36m<div>[39m
    [36m<section[39m
      [33mclass[39m=[32m"py-16 overflow-hidden transition-colors duration-300 border-t border-border-light 
dark:border-border-dark"[39m
      [33mstyle[39m=[32m"background: rgb(250, 250, 248);"[39m
    [36m>[39m
      [36m<div[39m
        [33mclass[39m=[32m"max-w-7xl mx-auto px-4 sm:px-6 lg:px-8"[39m
      [36m>[39m
        [36m<div[39m
          [33mclass[39m=[32m"text-center mb-12"[39m
        [36m>[39m
          [36m<div[39m
            [33mclass[39m=[32m"module-badge"[39m
          [36m>[39m
            [36m<span[39m
              [33mclass[39m=[32m"module-badge-line"[39m
            [36m/>[39m
            [36m<span[39m
              [33mclass[39m=[32m"module-badge-text"[39m
            [36m>[39m
              [0mMODULE 4[0m
            [36m</span>[39m
            [36m<span[39m
              [33mclass[39m=[32m"module-badge-line"[39m
            [36m/>[39m
          [36m</div>[39m
          [36m<h2[39m
            [33mclass[39m=[32m"text-3xl md:text-4xl font-extrabold text-text-primary dark:text-text-primary-dark 
mb-4"[39m
          [36m>[39m
            [36m<span[39m
              [33mclass[39m=[32m"text-gradient"[39m
            [36m>[39m
              [0mElection[0m
            [36m</span>[39m
            [0m Glossary[0m
          [36m</h2>[39m
          [36m<p[39m
            [33mclass[39m=[32m"text-lg text-gray-600 dark:text-gray-400 max-w-2xl mx-auto"[39m
          [36m>[39m
            [0mEvery election term explained in plain, simple English[0m
          [36m</p>[39m
        [36m</div>[39m
        [36m<div[39m
          [33mclass[39m=[32m"flex flex-col md:flex-row justify-between items-center mb-8 gap-4"[39m
        [36m>[39m
          [36m<div[39m
            [33mclass[39m=[32m"relative w-full md:w-96"[39m
          [36m>[39m
            [36m<svg[39m
              [33mclass[39m=[32m"lucide lucide-search absolute left-3 top-1/2 -translate-y-1/2 w-5 h-5 
text-gray-400"[39m
              [33mfill[39m=[32m"none"[39m
              [33mheight[39m=[32m"24"[39m
              [33mstroke[39m=[32m"currentColor"[39m
              [33mstroke-linecap[39m=[32m"round"[39m
              [33mstroke-linejoin[39m=[32m"round"[39m
              [33mstroke-width[39m=[32m"2"[39m
              [33mviewBox[39m=[32m"0 0 24 24"[39m
              [33mwidth[39m=[32m"24"[39m
              [33mxmlns[39m=[32m"http://www.w3.org/2000/svg"[39m
            [36m>[39m
              [36m<circle[39m
                [33mcx[39m=[32m"11"[39m
                [33mcy[39m=[32m"11"[39m
                [33mr[39m=[32m"8"[39m
              [36m/>[39m
              [36m<path[39m
                [33md[39m=[32m"m21 21-4.3-4.3"[39m
              [36m/>[39m
            [36m</svg>[39m
            [36m<input[39m
              [33maria-label[39m=[32m"Search glossary terms"[39m
              [33mclass[39m=[32m"w-full pl-10 pr-4 py-3 bg-white dark:bg-gray-800 border border-border-light 
dark:border-gray-700 rounded-xl focus:outline-none focus:ring-2 focus:ring-saffron dark:text-text-primary-dark 
transition-all"[39m
              [33mplaceholder[39m=[32m"Search terms or definitions..."[39m
              [33mtype[39m=[32m"text"[39m
              [33mvalue[39m=[32m"EVM"[39m
            [36m/>[39m
          [36m</div>[39m
          [36m<div[39m
            [33mclass[39m=[32m"flex flex-col items-end"[39m
          [36m>[39m
            [36m<div[39m
              [33mclass[39m=[32m"flex items-center gap-2 bg-gray-50 dark:bg-gray-800 p-1.5 rounded-lg border 
border-gray-200 dark:border-gray-700"[39m
            [36m>[39m
              [36m<svg[39m
                [33mclass[39m=[32m"lucide lucide-earth w-4 h-4 text-gray-500 ml-2"[39m
                [33mfill[39m=[32m"none"[39m
                [33mheight[39m=[32m"24"[39m
                [33mstroke[39m=[32m"currentColor"[39m
                [33mstroke-linecap[39m=[32m"round"[39m
                [33mstroke-linejoin[39m=[32m"round"[39m
                [33mstroke-width[39m=[32m"2"[39m
                [33mviewBox[39m=[32m"0 0 24 24"[39m
                [33mwidth[39m=[32m"24"[39m
                [33mxmlns[39m=[32m"http://www.w3.org/2000/svg"[39m
              [36m>[39m
                [36m<path[39m
                  [33md[39m=[32m"M21.54 15H17a2 2 0 0 0-2 2v4.54"[39m
                [36m/>[39m
                [36m<path[39m
                  [33md[39m=[32m"M7 3.34V5a3 3 0 0 0 3 3a2 2 0 0 1 2 2c0 1.1.9 2 2 2a2 2 0 0 0 2-2c0-1.1.9-2 
2-2h3.17"[39m
                [36m/>[39m
                [36m<path[39m
                  [33md[39m=[32m"M11 21.95V18a2 2 0 0 0-2-2a2 2 0 0 1-2-2v-1a2 2 0 0 0-2-2H2.05"[39m
                [36m/>[39m
                [36m<circle[39m
                  [33mcx[39m=[32m"12"[39m
                  [33mcy[39m=[32m"12"[39m
                  [33mr[39m=[32m"10"[39m
                [36m/>[39m
              [36m</svg>[39m
              [36m<button[39m
                [33mclass[39m=[32m"px-3 py-1.5 text-sm rounded-md transition-colors bg-saffron text-white 
shadow-sm"[39m
              [36m>[39m
                [0mEnglish[0m
              [36m</button>[39m
              [36m<button[39m
                [33mclass[39m=[32m"px-3 py-1.5 text-sm rounded-md transition-colors text-gray-600 
dark:text-gray-400 hover:bg-gray-200 dark:hover:bg-gray-700"[39m
              [36m>[39m
                [0mαñ╣αñ┐αñéαñªαÑÇ[0m
              [36m</button>[39m
              [36m<button[39m
                [33mclass[39m=[32m"px-3 py-1.5 text-sm rounded-md transition-colors text-gray-600 
dark:text-gray-400 hover:bg-gray-200 dark:hover:bg-gray-700"[39m
              [36m>[39m
                [0mα«ñα««α«┐α«┤α»ì[0m
              [36m</button>[39m
              [36m<button[39m
                [33mclass[39m=[32m"px-3 py-1.5 text-sm rounded-md transition-colors text-gray-600 
dark:text-gray-400 hover:bg-gray-200 dark:hover:bg-gray-700"[39m
              [36m>[39m
                [0mαª¼αª╛αªéαª▓αª╛[0m
              [36m</button>[39m
            [36m</div>[39m
          [36m</div>[39m
        [36m</div>[39m
        [36m<div[39m
          [33mclass[39m=[32m"flex flex-wrap justify-center gap-1.5 mb-8"[39m
        [36m>[39m
          [36m<button[39m
            [33maria-label[39m=[32m"Show all terms"[39m
            [33mclass[39m=[32m"w-8 h-8 rounded-md text-sm font-medium transition-all bg-saffron text-white 
shadow-md"[39m
          [36m>[39m
            [0mAll[0m
          [36m</button>[39m
          [36m<button[39m
            [33maria-label[39m=[32m"Filter by letter A"[39m
            [33mclass[39m=[32m"w-8 h-8 rounded-md text-sm font-medium transition-all bg-gray-100 dark:bg-gray-800...
[90m [2mΓ¥»[22m Object.getElementError node_modules/@testing-library/dom/dist/config.js:[2m37:19[22m[39m
[90m [2mΓ¥»[22m getElementError node_modules/@testing-library/dom/dist/query-helpers.js:[2m20:35[22m[39m
[90m [2mΓ¥»[22m getMultipleElementsFoundError 
node_modules/@testing-library/dom/dist/query-helpers.js:[2m23:10[22m[39m
[90m [2mΓ¥»[22m node_modules/@testing-library/dom/dist/query-helpers.js:[2m55:13[22m[39m
[90m [2mΓ¥»[22m node_modules/@testing-library/dom/dist/query-helpers.js:[2m95:19[22m[39m
[36m [2mΓ¥»[22m src/tests/Glossary.test.jsx:[2m20:19[22m[39m
    [90m 18|[39m     [35mconst[39m searchInput [33m=[39m 
screen[33m.[39m[34mgetByPlaceholderText[39m([36m/Search/i[39m)
    [90m 19|[39m     fireEvent[33m.[39m[34mchange[39m(searchInput[33m,[39m { target[33m:[39m { 
value[33m:[39m [32m'EVM'[39m } })
    [90m 20|[39m     
[34mexpect[39m(screen[33m.[39m[34mgetByText[39m([36m/EVM/i[39m))[33m.[39m[34mtoBeInTheDocument[39m()
    [90m   |[39m                   [31m^[39m
    [90m 21|[39m   })
    [90m 22|[39m

[31m[2mΓÄ»ΓÄ»ΓÄ»ΓÄ»ΓÄ»ΓÄ»ΓÄ»ΓÄ»ΓÄ»ΓÄ»ΓÄ»ΓÄ»ΓÄ»ΓÄ»ΓÄ»ΓÄ»ΓÄ»ΓÄ»ΓÄ»ΓÄ»ΓÄ»ΓÄ»ΓÄ»ΓÄ»[3/8]ΓÄ»[22m[39m

[41m[1m FAIL [22m[49m src/tests/Glossary.test.jsx[2m > [22mGlossary Component[2m > [22mfilters terms by letter
[31m[1mTestingLibraryElementError[22m[39m: Found multiple elements with the text: /ECI/i

Here are the matching elements:

Ignored nodes: comments, script, style
[36m<h3[39m
  [33mclass[39m=[32m"text-lg font-bold text-saffron dark:text-saffron group-hover:text-saffron-dark 
transition-colors"[39m
[36m>[39m
  [0mECI[0m
[36m</h3>[39m

Ignored nodes: comments, script, style
[36m<p[39m
  [33mclass[39m=[32m"text-gray-600 dark:text-gray-400 text-sm leading-relaxed"[39m
[36m>[39m
  [0mThe official voter ID card issued by ECI, required to vote at polling booths[0m
[36m</p>[39m

(If this is intentional, then use the `*AllBy*` variant of the query (like `queryAllByText`, `getAllByText`, or 
`findAllByText`)).

Ignored nodes: comments, script, style
[36m<body>[39m
  [36m<div>[39m
    [36m<section[39m
      [33mclass[39m=[32m"py-16 overflow-hidden transition-colors duration-300 border-t border-border-light 
dark:border-border-dark"[39m
      [33mstyle[39m=[32m"background: rgb(250, 250, 248);"[39m
    [36m>[39m
      [36m<div[39m
        [33mclass[39m=[32m"max-w-7xl mx-auto px-4 sm:px-6 lg:px-8"[39m
      [36m>[39m
        [36m<div[39m
          [33mclass[39m=[32m"text-center mb-12"[39m
        [36m>[39m
          [36m<div[39m
            [33mclass[39m=[32m"module-badge"[39m
          [36m>[39m
            [36m<span[39m
              [33mclass[39m=[32m"module-badge-line"[39m
            [36m/>[39m
            [36m<span[39m
              [33mclass[39m=[32m"module-badge-text"[39m
            [36m>[39m
              [0mMODULE 4[0m
            [36m</span>[39m
            [36m<span[39m
              [33mclass[39m=[32m"module-badge-line"[39m
            [36m/>[39m
          [36m</div>[39m
          [36m<h2[39m
            [33mclass[39m=[32m"text-3xl md:text-4xl font-extrabold text-text-primary dark:text-text-primary-dark 
mb-4"[39m
          [36m>[39m
            [36m<span[39m
              [33mclass[39m=[32m"text-gradient"[39m
            [36m>[39m
              [0mElection[0m
            [36m</span>[39m
            [0m Glossary[0m
          [36m</h2>[39m
          [36m<p[39m
            [33mclass[39m=[32m"text-lg text-gray-600 dark:text-gray-400 max-w-2xl mx-auto"[39m
          [36m>[39m
            [0mEvery election term explained in plain, simple English[0m
          [36m</p>[39m
        [36m</div>[39m
        [36m<div[39m
          [33mclass[39m=[32m"flex flex-col md:flex-row justify-between items-center mb-8 gap-4"[39m
        [36m>[39m
          [36m<div[39m
            [33mclass[39m=[32m"relative w-full md:w-96"[39m
          [36m>[39m
            [36m<svg[39m
              [33mclass[39m=[32m"lucide lucide-search absolute left-3 top-1/2 -translate-y-1/2 w-5 h-5 
text-gray-400"[39m
              [33mfill[39m=[32m"none"[39m
              [33mheight[39m=[32m"24"[39m
              [33mstroke[39m=[32m"currentColor"[39m
              [33mstroke-linecap[39m=[32m"round"[39m
              [33mstroke-linejoin[39m=[32m"round"[39m
              [33mstroke-width[39m=[32m"2"[39m
              [33mviewBox[39m=[32m"0 0 24 24"[39m
              [33mwidth[39m=[32m"24"[39m
              [33mxmlns[39m=[32m"http://www.w3.org/2000/svg"[39m
            [36m>[39m
              [36m<circle[39m
                [33mcx[39m=[32m"11"[39m
                [33mcy[39m=[32m"11"[39m
                [33mr[39m=[32m"8"[39m
              [36m/>[39m
              [36m<path[39m
                [33md[39m=[32m"m21 21-4.3-4.3"[39m
              [36m/>[39m
            [36m</svg>[39m
            [36m<input[39m
              [33maria-label[39m=[32m"Search glossary terms"[39m
              [33mclass[39m=[32m"w-full pl-10 pr-4 py-3 bg-white dark:bg-gray-800 border border-border-light 
dark:border-gray-700 rounded-xl focus:outline-none focus:ring-2 focus:ring-saffron dark:text-text-primary-dark 
transition-all"[39m
              [33mplaceholder[39m=[32m"Search terms or definitions..."[39m
              [33mtype[39m=[32m"text"[39m
              [33mvalue[39m=[32m""[39m
            [36m/>[39m
          [36m</div>[39m
          [36m<div[39m
            [33mclass[39m=[32m"flex flex-col items-end"[39m
          [36m>[39m
            [36m<div[39m
              [33mclass[39m=[32m"flex items-center gap-2 bg-gray-50 dark:bg-gray-800 p-1.5 rounded-lg border 
border-gray-200 dark:border-gray-700"[39m
            [36m>[39m
              [36m<svg[39m
                [33mclass[39m=[32m"lucide lucide-earth w-4 h-4 text-gray-500 ml-2"[39m
                [33mfill[39m=[32m"none"[39m
                [33mheight[39m=[32m"24"[39m
                [33mstroke[39m=[32m"currentColor"[39m
                [33mstroke-linecap[39m=[32m"round"[39m
                [33mstroke-linejoin[39m=[32m"round"[39m
                [33mstroke-width[39m=[32m"2"[39m
                [33mviewBox[39m=[32m"0 0 24 24"[39m
                [33mwidth[39m=[32m"24"[39m
                [33mxmlns[39m=[32m"http://www.w3.org/2000/svg"[39m
              [36m>[39m
                [36m<path[39m
                  [33md[39m=[32m"M21.54 15H17a2 2 0 0 0-2 2v4.54"[39m
                [36m/>[39m
                [36m<path[39m
                  [33md[39m=[32m"M7 3.34V5a3 3 0 0 0 3 3a2 2 0 0 1 2 2c0 1.1.9 2 2 2a2 2 0 0 0 2-2c0-1.1.9-2 
2-2h3.17"[39m
                [36m/>[39m
                [36m<path[39m
                  [33md[39m=[32m"M11 21.95V18a2 2 0 0 0-2-2a2 2 0 0 1-2-2v-1a2 2 0 0 0-2-2H2.05"[39m
                [36m/>[39m
                [36m<circle[39m
                  [33mcx[39m=[32m"12"[39m
                  [33mcy[39m=[32m"12"[39m
                  [33mr[39m=[32m"10"[39m
                [36m/>[39m
              [36m</svg>[39m
              [36m<button[39m
                [33mclass[39m=[32m"px-3 py-1.5 text-sm rounded-md transition-colors bg-saffron text-white 
shadow-sm"[39m
              [36m>[39m
                [0mEnglish[0m
              [36m</button>[39m
              [36m<button[39m
                [33mclass[39m=[32m"px-3 py-1.5 text-sm rounded-md transition-colors text-gray-600 
dark:text-gray-400 hover:bg-gray-200 dark:hover:bg-gray-700"[39m
              [36m>[39m
                [0mαñ╣αñ┐αñéαñªαÑÇ[0m
              [36m</button>[39m
              [36m<button[39m
                [33mclass[39m=[32m"px-3 py-1.5 text-sm rounded-md transition-colors text-gray-600 
dark:text-gray-400 hover:bg-gray-200 dark:hover:bg-gray-700"[39m
              [36m>[39m
                [0mα«ñα««α«┐α«┤α»ì[0m
              [36m</button>[39m
              [36m<button[39m
                [33mclass[39m=[32m"px-3 py-1.5 text-sm rounded-md transition-colors text-gray-600 
dark:text-gray-400 hover:bg-gray-200 dark:hover:bg-gray-700"[39m
              [36m>[39m
                [0mαª¼αª╛αªéαª▓αª╛[0m
              [36m</button>[39m
            [36m</div>[39m
          [36m</div>[39m
        [36m</div>[39m
        [36m<div[39m
          [33mclass[39m=[32m"flex flex-wrap justify-center gap-1.5 mb-8"[39m
        [36m>[39m
          [36m<button[39m
            [33maria-label[39m=[32m"Show all terms"[39m
            [33mclass[39m=[32m"w-8 h-8 rounded-md text-sm font-medium transition-all bg-gray-100 dark:bg-gray-800 
text-gray-600 dark:text-gray-400 hover:bg-saffron/10 hover:text-saffron border border-transparent"[39m
          [36m>[39m
            [0mAll[0m
          [36m</button>[39m
          [36m<button[39m
            [33maria-label[39m=[32m"Filter by letter A"[39m
            [33mclass[...
[90m [2mΓ¥»[22m Object.getElementError node_modules/@testing-library/dom/dist/config.js:[2m37:19[22m[39m
[90m [2mΓ¥»[22m getElementError node_modules/@testing-library/dom/dist/query-helpers.js:[2m20:35[22m[39m
[90m [2mΓ¥»[22m getMultipleElementsFoundError 
node_modules/@testing-library/dom/dist/query-helpers.js:[2m23:10[22m[39m
[90m [2mΓ¥»[22m node_modules/@testing-library/dom/dist/query-helpers.js:[2m55:13[22m[39m
[90m [2mΓ¥»[22m node_modules/@testing-library/dom/dist/query-helpers.js:[2m95:19[22m[39m
[36m [2mΓ¥»[22m src/tests/Glossary.test.jsx:[2m26:19[22m[39m
    [90m 24|[39m     [34mrender[39m([33m<[39m[33mGlossary[39m [33m/[39m[33m>[39m)
    [90m 25|[39m     fireEvent[33m.[39m[34mclick[39m(screen[33m.[39m[34mgetByText[39m([32m'E'[39m))
    [90m 26|[39m     
[34mexpect[39m(screen[33m.[39m[34mgetByText[39m([36m/ECI/i[39m))[33m.[39m[34mtoBeInTheDocument[39m()
    [90m   |[39m                   [31m^[39m
    [90m 27|[39m   })
    [90m 28|[39m })

[31m[2mΓÄ»ΓÄ»ΓÄ»ΓÄ»ΓÄ»ΓÄ»ΓÄ»ΓÄ»ΓÄ»ΓÄ»ΓÄ»ΓÄ»ΓÄ»ΓÄ»ΓÄ»ΓÄ»ΓÄ»ΓÄ»ΓÄ»ΓÄ»ΓÄ»ΓÄ»ΓÄ»ΓÄ»[4/8]ΓÄ»[22m[39m

[41m[1m FAIL [22m[49m src/tests/Quiz.test.jsx[2m > [22mQuiz Component[2m > [22mrenders the quiz title correctly
[31m[1mTestingLibraryElementError[22m[39m: Found multiple elements with the text: /Test Your/i

Here are the matching elements:

Ignored nodes: comments, script, style
[36m<h2[39m
  [33mclass[39m=[32m"text-4xl md:text-5xl font-black mb-6 tracking-tight text-text-primary 
dark:text-text-primary-dark"[39m
[36m>[39m
  [0mTest Your [0m
  [36m<span[39m
    [33mclass[39m=[32m"text-gradient"[39m
  [36m>[39m
    [0mKnowledge[0m
  [36m</span>[39m
[36m</h2>[39m

Ignored nodes: comments, script, style
[36m<p[39m
  [33mclass[39m=[32m"text-text-secondary dark:text-text-secondary-dark mb-4"[39m
[36m>[39m
  [0mTest your working knowledge[0m
[36m</p>[39m

(If this is intentional, then use the `*AllBy*` variant of the query (like `queryAllByText`, `getAllByText`, or 
`findAllByText`)).

Ignored nodes: comments, script, style
[36m<body>[39m
  [36m<div>[39m
    [36m<section[39m
      [33mclass[39m=[32m"py-20 px-6 sm:px-8 max-w-7xl mx-auto"[39m
      [33mstyle[39m=[32m"background: rgb(250, 250, 248);"[39m
    [36m>[39m
      [36m<div[39m
        [33mclass[39m=[32m"text-center mb-12"[39m
      [36m>[39m
        [36m<div[39m
          [33mclass[39m=[32m"module-badge"[39m
        [36m>[39m
          [36m<span[39m
            [33mclass[39m=[32m"module-badge-line"[39m
          [36m/>[39m
          [36m<span[39m
            [33mclass[39m=[32m"module-badge-text"[39m
          [36m>[39m
            [0mModule 5[0m
          [36m</span>[39m
          [36m<span[39m
            [33mclass[39m=[32m"module-badge-line"[39m
          [36m/>[39m
        [36m</div>[39m
        [36m<h2[39m
          [33mclass[39m=[32m"text-4xl md:text-5xl font-black mb-6 tracking-tight text-text-primary 
dark:text-text-primary-dark"[39m
        [36m>[39m
          [0mTest Your [0m
          [36m<span[39m
            [33mclass[39m=[32m"text-gradient"[39m
          [36m>[39m
            [0mKnowledge[0m
          [36m</span>[39m
        [36m</h2>[39m
        [36m<p[39m
          [33mclass[39m=[32m"text-xl text-gray-600 dark:text-gray-400 max-w-3xl mx-auto font-medium"[39m
        [36m>[39m
          [0mHow well do you know the Indian election process? Find out now![0m
        [36m</p>[39m
      [36m</div>[39m
      [36m<div[39m
        [33mclass[39m=[32m"grid md:grid-cols-3 gap-6 mt-8"[39m
      [36m>[39m
        [36m<button[39m
          [33maria-label[39m=[32m"Start Beginner quiz with 3 questions"[39m
          [33mclass[39m=[32m"flex flex-col items-center justify-center p-8 rounded-2xl border-2 transition-all 
hover:-translate-y-1 hover:shadow-lg bg-white dark:bg-card-dark border-india-green/30 dark:border-india-green/40 group 
focus:outline-none focus:ring-4 focus:ring-offset-2"[39m
          [33mstyle[39m=[32m"border-top-color: rgb(19, 136, 8); border-top-width: 3px;"[39m
        [36m>[39m
          [36m<div[39m
            [33mclass[39m=[32m"text-2xl font-bold mb-2 text-india-green"[39m
          [36m>[39m
            [0mBeginner[0m
          [36m</div>[39m
          [36m<p[39m
            [33mclass[39m=[32m"text-text-secondary dark:text-text-secondary-dark mb-4"[39m
          [36m>[39m
            [0mStart with the basics[0m
          [36m</p>[39m
          [36m<div[39m
            [33mclass[39m=[32m"text-sm font-medium px-4 py-1.5 rounded-full bg-saffron-light shadow-sm 
text-saffron"[39m
          [36m>[39m
            [0m3[0m
            [0m Questions[0m
          [36m</div>[39m
        [36m</button>[39m
        [36m<button[39m
          [33maria-label[39m=[32m"Start Intermediate quiz with 4 questions"[39m
          [33mclass[39m=[32m"flex flex-col items-center justify-center p-8 rounded-2xl border-2 transition-all 
hover:-translate-y-1 hover:shadow-lg bg-white dark:bg-card-dark border-saffron/30 dark:border-saffron/40 group 
focus:outline-none focus:ring-4 focus:ring-offset-2"[39m
          [33mstyle[39m=[32m"border-top-color: rgb(255, 153, 51); border-top-width: 3px;"[39m
        [36m>[39m
          [36m<div[39m
            [33mclass[39m=[32m"text-2xl font-bold mb-2 text-saffron"[39m
          [36m>[39m
            [0mIntermediate[0m
          [36m</div>[39m
          [36m<p[39m
            [33mclass[39m=[32m"text-text-secondary dark:text-text-secondary-dark mb-4"[39m
          [36m>[39m
            [0mTest your working knowledge[0m
          [36m</p>[39m
          [36m<div[39m
            [33mclass[39m=[32m"text-sm font-medium px-4 py-1.5 rounded-full bg-saffron-light shadow-sm 
text-saffron"[39m
          [36m>[39m
            [0m4[0m
            [0m Questions[0m
          [36m</div>[39m
        [36m</button>[39m
        [36m<button[39m
          [33maria-label[39m=[32m"Start Advanced quiz with 3 questions"[39m
          [33mclass[39m=[32m"flex flex-col items-center justify-center p-8 rounded-2xl border-2 transition-all 
hover:-translate-y-1 hover:shadow-lg bg-white dark:bg-card-dark border-red-200 dark:border-red-800 group 
focus:outline-none focus:ring-4 focus:ring-offset-2"[39m
          [33mstyle[39m=[32m"border-top-color: rgb(220, 38, 38); border-top-width: 3px;"[39m
        [36m>[39m
          [36m<div[39m
            [33mclass[39m=[32m"text-2xl font-bold mb-2 text-red-600"[39m
          [36m>[39m
            [0mAdvanced[0m
          [36m</div>[39m
          [36m<p[39m
            [33mclass[39m=[32m"text-text-secondary dark:text-text-secondary-dark mb-4"[39m
          [36m>[39m
            [0mFor the true election geeks[0m
          [36m</p>[39m
          [36m<div[39m
            [33mclass[39m=[32m"text-sm font-medium px-4 py-1.5 rounded-full bg-saffron-light shadow-sm 
text-saffron"[39m
          [36m>[39m
            [0m3[0m
            [0m Questions[0m
          [36m</div>[39m
        [36m</button>[39m
      [36m</div>[39m
    [36m</section>[39m
  [36m</div>[39m
[36m</body>[39m
[90m [2mΓ¥»[22m Object.getElementError node_modules/@testing-library/dom/dist/config.js:[2m37:19[22m[39m
[90m [2mΓ¥»[22m getElementError node_modules/@testing-library/dom/dist/query-helpers.js:[2m20:35[22m[39m
[90m [2mΓ¥»[22m getMultipleElementsFoundError 
node_modules/@testing-library/dom/dist/query-helpers.js:[2m23:10[22m[39m
[90m [2mΓ¥»[22m node_modules/@testing-library/dom/dist/query-helpers.js:[2m55:13[22m[39m
[90m [2mΓ¥»[22m node_modules/@testing-library/dom/dist/query-helpers.js:[2m95:19[22m[39m
[36m [2mΓ¥»[22m src/tests/Quiz.test.jsx:[2m8:19[22m[39m
    [90m  6|[39m   [34mit[39m([32m'renders the quiz title correctly'[39m[33m,[39m () [33m=>[39m {
    [90m  7|[39m     [34mrender[39m([33m<[39m[33mQuiz[39m [33m/[39m[33m>[39m)
    [90m  8|[39m     [34mexpect[39m(screen[33m.[39m[34mgetByText[39m([36m/Test 
Your/i[39m))[33m.[39m[34mtoBeInTheDocument[39m()
    [90m   |[39m                   [31m^[39m
    [90m  9|[39m   })
    [90m 10|[39m

[31m[2mΓÄ»ΓÄ»ΓÄ»ΓÄ»ΓÄ»ΓÄ»ΓÄ»ΓÄ»ΓÄ»ΓÄ»ΓÄ»ΓÄ»ΓÄ»ΓÄ»ΓÄ»ΓÄ»ΓÄ»ΓÄ»ΓÄ»ΓÄ»ΓÄ»ΓÄ»ΓÄ»ΓÄ»[5/8]ΓÄ»[22m[39m

[41m[1m FAIL [22m[49m src/tests/VoterGuide.test.jsx[2m > [22mVoterGuide Component[2m > [22mrenders all 5 steps
[31m[1mTestingLibraryElementError[22m[39m: Found multiple elements with the text: /Check Your Eligibility/i

Here are the matching elements:

Ignored nodes: comments, script, style
[36m<span[39m
  [33mclass[39m=[32m"
                  text-[11px] font-semibold text-center max-w-[72px] leading-tight
                  text-text-secondary dark:text-text-secondary-dark
                "[39m
[36m>[39m
  [0mCheck Your Eligibility[0m
[36m</span>[39m

Ignored nodes: comments, script, style
[36m<h3[39m
  [33mclass[39m=[32m"
                font-bold text-base md:text-lg leading-snug transition-all duration-300
                text-gray-900 dark:text-white
              "[39m
[36m>[39m
  [0mCheck Your Eligibility[0m
[36m</h3>[39m

(If this is intentional, then use the `*AllBy*` variant of the query (like `queryAllByText`, `getAllByText`, or 
`findAllByText`)).

Ignored nodes: comments, script, style
[36m<body>[39m
  [36m<div>[39m
    [36m<section[39m
      [33maria-labelledby[39m=[32m"voter-guide-heading"[39m
      [33mclass[39m=[32m"relative px-4 sm:px-6 lg:px-8 py-16 lg:py-24 overflow-hidden"[39m
      [33mid[39m=[32m"voter-guide"[39m
      [33mstyle[39m=[32m"background: rgb(255, 255, 255);"[39m
    [36m>[39m
      [36m<div[39m
        [33mclass[39m=[32m"absolute top-0 left-0 w-80 h-80 bg-green-400/5 dark:bg-green-500/3 rounded-full blur-3xl 
pointer-events-none"[39m
      [36m/>[39m
      [36m<div[39m
        [33mclass[39m=[32m"absolute bottom-0 right-0 w-72 h-72 bg-eci-blue/5 dark:bg-eci-blue/3 rounded-full 
blur-3xl pointer-events-none"[39m
      [36m/>[39m
      [36m<div[39m
        [33mclass[39m=[32m"relative z-10 max-w-3xl mx-auto"[39m
      [36m>[39m
        [36m<div[39m
          [33mclass[39m=[32m"text-center mb-10 md:mb-12"[39m
        [36m>[39m
          [36m<div[39m
            [33mclass[39m=[32m"module-badge"[39m
          [36m>[39m
            [36m<span[39m
              [33mclass[39m=[32m"module-badge-line"[39m
            [36m/>[39m
            [36m<span[39m
              [33mclass[39m=[32m"module-badge-text"[39m
            [36m>[39m
              [0mModule 2[0m
            [36m</span>[39m
            [36m<span[39m
              [33mclass[39m=[32m"module-badge-line"[39m
            [36m/>[39m
          [36m</div>[39m
          [36m<h2[39m
            [33mclass[39m=[32m"text-3xl sm:text-4xl lg:text-5xl font-black tracking-tight text-gray-900 
dark:text-white"[39m
            [33mid[39m=[32m"voter-guide-heading"[39m
          [36m>[39m
            [0mYour[0m
            [0m [0m
            [36m<span[39m
              [33mclass[39m=[32m"text-gradient"[39m
            [36m>[39m
              [0mVoter[0m
            [36m</span>[39m
            [0m [0m
            [0mJourney[0m
          [36m</h2>[39m
          [36m<p[39m
            [33mclass[39m=[32m"mt-4 text-base sm:text-lg text-text-secondary dark:text-text-secondary-dark max-w-xl 
mx-auto leading-relaxed"[39m
          [36m>[39m
            [0mFive simple steps every Indian citizen needs to know before polling day.[0m
          [36m</p>[39m
        [36m</div>[39m
        [36m<div[39m
          [33maria-hidden[39m=[32m"true"[39m
          [33mclass[39m=[32m"hidden md:flex items-center mb-10 relative"[39m
          [33mrole[39m=[32m"presentation"[39m
        [36m>[39m
          [36m<div[39m
            [33mclass[39m=[32m"flex items-center flex-1"[39m
          [36m>[39m
            [36m<div[39m
              [33mclass[39m=[32m"flex flex-col items-center gap-1.5 flex-shrink-0"[39m
            [36m>[39m
              [36m<div[39m
                [33mclass[39m=[32m"
                  w-11 h-11 rounded-full flex items-center justify-center
                  border-2 shadow transition-all duration-400
                  bg-white dark:bg-card-dark border-border-light dark:border-border-dark
                "[39m
              [36m>[39m
                [36m<svg[39m
                  [33mclass[39m=[32m"lucide lucide-user-check w-5 h-5 text-text-secondary 
dark:text-text-secondary-dark"[39m
                  [33mfill[39m=[32m"none"[39m
                  [33mheight[39m=[32m"24"[39m
                  [33mstroke[39m=[32m"currentColor"[39m
                  [33mstroke-linecap[39m=[32m"round"[39m
                  [33mstroke-linejoin[39m=[32m"round"[39m
                  [33mstroke-width[39m=[32m"1.75"[39m
                  [33mviewBox[39m=[32m"0 0 24 24"[39m
                  [33mwidth[39m=[32m"24"[39m
                  [33mxmlns[39m=[32m"http://www.w3.org/2000/svg"[39m
                [36m>[39m
                  [36m<path[39m
                    [33md[39m=[32m"M16 21v-2a4 4 0 0 0-4-4H6a4 4 0 0 0-4 4v2"[39m
                  [36m/>[39m
                  [36m<circle[39m
                    [33mcx[39m=[32m"9"[39m
                    [33mcy[39m=[32m"7"[39m
                    [33mr[39m=[32m"4"[39m
                  [36m/>[39m
                  [36m<polyline[39m
                    [33mpoints[39m=[32m"16 11 18 13 22 9"[39m
                  [36m/>[39m
                [36m</svg>[39m
              [36m</div>[39m
              [36m<span[39m
                [33mclass[39m=[32m"
                  text-[11px] font-semibold text-center max-w-[72px] leading-tight
                  text-text-secondary dark:text-text-secondary-dark
                "[39m
              [36m>[39m
                [0mCheck Your Eligibility[0m
              [36m</span>[39m
            [36m</div>[39m
            [36m<div[39m
              [33mclass[39m=[32m"flex-1 mx-2 h-0.5 rounded-full overflow-hidden bg-border-light 
dark:bg-border-dark"[39m
            [36m>[39m
              [36m<div[39m
                [33mclass[39m=[32m"h-full rounded-full transition-all duration-700"[39m
                [33mstyle[39m=[32m"width: 0%; background: linear-gradient(90deg, rgb(34, 197, 94), rgb(74, 222, 
128));"[39m
              [36m/>[39m
            [36m</div>[39m
          [36m</div>[39m
          [36m<div[39m
            [33mclass[39m=[32m"flex items-center flex-1"[39m
          [36m>[39m
            [36m<div[39m
              [33mclass[39m=[32m"flex flex-col items-center gap-1.5 flex-shrink-0"[39m
            [36m>[39m
              [36m<div[39m
                [33mclass[39m=[32m"
                  w-11 h-11 rounded-full flex items-center justify-center
                  border-2 shadow transition-all duration-400
                  bg-white dark:bg-card-dark border-border-light dark:border-border-dark
                "[39m
              [36m>[39m
                [36m<svg[39m
                  [33mclass[39m=[32m"lucide lucide-clipboard-list w-5 h-5 text-text-secondary 
dark:text-text-secondary-dark"[39m
                  [33mfill[39m=[32m"none"[39m
                  [33mheight[39m=[32m"24"[39m
                  [33mstroke[39m=[32m"currentColor"[39m
                  [33mstroke-linecap[39m=[32m"round"[39m
                  [33mstroke-linejoin[39m=[32m"round"[39m
                  [33mstroke-width[39m=[32m"1.75"[39m
                  [33mviewBox[39m=[32m"0 0 24 24"[39m
                  [33mwidth[39m=[32m"24"[39m
                  [33mxmlns[39m=[32m"http://www.w3.org/2000/svg"[39m
                [36m>[39m
                  [36m<rect[39m
                    [33mheight[39m=[32m"4"[39m
                    [33mrx[39m=[32m"1"[39m
                    [33mry[39m=[32m"1"[39m
                    [33mwidth[39m=[32m"8"[39m
                    [33mx[39m=[32m"8"[39m
                    [33my[39m=[32m"2"[39m
                  [36m/>[39m
                  [36m<path[39m
                    [...
[90m [2mΓ¥»[22m Object.getElementError node_modules/@testing-library/dom/dist/config.js:[2m37:19[22m[39m
[90m [2mΓ¥»[22m getElementError node_modules/@testing-library/dom/dist/query-helpers.js:[2m20:35[22m[39m
[90m [2mΓ¥»[22m getMultipleElementsFoundError 
node_modules/@testing-library/dom/dist/query-helpers.js:[2m23:10[22m[39m
[90m [2mΓ¥»[22m node_modules/@testing-library/dom/dist/query-helpers.js:[2m55:13[22m[39m
[90m [2mΓ¥»[22m node_modules/@testing-library/dom/dist/query-helpers.js:[2m95:19[22m[39m
[36m [2mΓ¥»[22m src/tests/VoterGuide.test.jsx:[2m8:19[22m[39m
    [90m  6|[39m   [34mit[39m([32m'renders all 5 steps'[39m[33m,[39m () [33m=>[39m {
    [90m  7|[39m     [34mrender[39m([33m<[39m[33mVoterGuide[39m [33m/[39m[33m>[39m)
    [90m  8|[39m     expect(screen.getByText(/Check Your Eligibility/i)).toBeInTheDocumΓÇª
    [90m   |[39m                   [31m^[39m
    [90m  9|[39m     expect(screen.getByText(/Register on the Voter List/i)).toBeInTheDΓÇª
    [90m 10|[39m     expect(screen.getByText(/Find Your Polling Booth/i)).toBeInTheDocuΓÇª

[31m[2mΓÄ»ΓÄ»ΓÄ»ΓÄ»ΓÄ»ΓÄ»ΓÄ»ΓÄ»ΓÄ»ΓÄ»ΓÄ»ΓÄ»ΓÄ»ΓÄ»ΓÄ»ΓÄ»ΓÄ»ΓÄ»ΓÄ»ΓÄ»ΓÄ»ΓÄ»ΓÄ»ΓÄ»[6/8]ΓÄ»[22m[39m

[41m[1m FAIL [22m[49m src/tests/VoterGuide.test.jsx[2m > [22mVoterGuide Component[2m > [22mshows progress bar
[31m[1mTestingLibraryElementError[22m[39m: Found multiple elements with the text: /Your Progress/i

Here are the matching elements:

Ignored nodes: comments, script, style
[36m<span[39m
  [33mclass[39m=[32m"text-sm font-semibold text-gray-700 dark:text-gray-300"[39m
[36m>[39m
  [0mYour Progress[0m
[36m</span>[39m

Ignored nodes: comments, script, style
[36m<p[39m
  [33mclass[39m=[32m"text-center mt-8 text-xs text-text-secondary dark:text-text-secondary-dark"[39m
[36m>[39m
  [0mYour progress is saved locally on this device. All steps and links are sourced from the[0m
  [0m [0m
  [36m<span[39m
    [33mclass[39m=[32m"text-eci-blue dark:text-eci-blue-light font-medium"[39m
  [36m>[39m
    [0mElection Commission of India[0m
  [36m</span>[39m
  [0m.[0m
[36m</p>[39m

(If this is intentional, then use the `*AllBy*` variant of the query (like `queryAllByText`, `getAllByText`, or 
`findAllByText`)).

Ignored nodes: comments, script, style
[36m<body>[39m
  [36m<div>[39m
    [36m<section[39m
      [33maria-labelledby[39m=[32m"voter-guide-heading"[39m
      [33mclass[39m=[32m"relative px-4 sm:px-6 lg:px-8 py-16 lg:py-24 overflow-hidden"[39m
      [33mid[39m=[32m"voter-guide"[39m
      [33mstyle[39m=[32m"background: rgb(255, 255, 255);"[39m
    [36m>[39m
      [36m<div[39m
        [33mclass[39m=[32m"absolute top-0 left-0 w-80 h-80 bg-green-400/5 dark:bg-green-500/3 rounded-full blur-3xl 
pointer-events-none"[39m
      [36m/>[39m
      [36m<div[39m
        [33mclass[39m=[32m"absolute bottom-0 right-0 w-72 h-72 bg-eci-blue/5 dark:bg-eci-blue/3 rounded-full 
blur-3xl pointer-events-none"[39m
      [36m/>[39m
      [36m<div[39m
        [33mclass[39m=[32m"relative z-10 max-w-3xl mx-auto"[39m
      [36m>[39m
        [36m<div[39m
          [33mclass[39m=[32m"text-center mb-10 md:mb-12"[39m
        [36m>[39m
          [36m<div[39m
            [33mclass[39m=[32m"module-badge"[39m
          [36m>[39m
            [36m<span[39m
              [33mclass[39m=[32m"module-badge-line"[39m
            [36m/>[39m
            [36m<span[39m
              [33mclass[39m=[32m"module-badge-text"[39m
            [36m>[39m
              [0mModule 2[0m
            [36m</span>[39m
            [36m<span[39m
              [33mclass[39m=[32m"module-badge-line"[39m
            [36m/>[39m
          [36m</div>[39m
          [36m<h2[39m
            [33mclass[39m=[32m"text-3xl sm:text-4xl lg:text-5xl font-black tracking-tight text-gray-900 
dark:text-white"[39m
            [33mid[39m=[32m"voter-guide-heading"[39m
          [36m>[39m
            [0mYour[0m
            [0m [0m
            [36m<span[39m
              [33mclass[39m=[32m"text-gradient"[39m
            [36m>[39m
              [0mVoter[0m
            [36m</span>[39m
            [0m [0m
            [0mJourney[0m
          [36m</h2>[39m
          [36m<p[39m
            [33mclass[39m=[32m"mt-4 text-base sm:text-lg text-text-secondary dark:text-text-secondary-dark max-w-xl 
mx-auto leading-relaxed"[39m
          [36m>[39m
            [0mFive simple steps every Indian citizen needs to know before polling day.[0m
          [36m</p>[39m
        [36m</div>[39m
        [36m<div[39m
          [33maria-hidden[39m=[32m"true"[39m
          [33mclass[39m=[32m"hidden md:flex items-center mb-10 relative"[39m
          [33mrole[39m=[32m"presentation"[39m
        [36m>[39m
          [36m<div[39m
            [33mclass[39m=[32m"flex items-center flex-1"[39m
          [36m>[39m
            [36m<div[39m
              [33mclass[39m=[32m"flex flex-col items-center gap-1.5 flex-shrink-0"[39m
            [36m>[39m
              [36m<div[39m
                [33mclass[39m=[32m"
                  w-11 h-11 rounded-full flex items-center justify-center
                  border-2 shadow transition-all duration-400
                  bg-white dark:bg-card-dark border-border-light dark:border-border-dark
                "[39m
              [36m>[39m
                [36m<svg[39m
                  [33mclass[39m=[32m"lucide lucide-user-check w-5 h-5 text-text-secondary 
dark:text-text-secondary-dark"[39m
                  [33mfill[39m=[32m"none"[39m
                  [33mheight[39m=[32m"24"[39m
                  [33mstroke[39m=[32m"currentColor"[39m
                  [33mstroke-linecap[39m=[32m"round"[39m
                  [33mstroke-linejoin[39m=[32m"round"[39m
                  [33mstroke-width[39m=[32m"1.75"[39m
                  [33mviewBox[39m=[32m"0 0 24 24"[39m
                  [33mwidth[39m=[32m"24"[39m
                  [33mxmlns[39m=[32m"http://www.w3.org/2000/svg"[39m
                [36m>[39m
                  [36m<path[39m
                    [33md[39m=[32m"M16 21v-2a4 4 0 0 0-4-4H6a4 4 0 0 0-4 4v2"[39m
                  [36m/>[39m
                  [36m<circle[39m
                    [33mcx[39m=[32m"9"[39m
                    [33mcy[39m=[32m"7"[39m
                    [33mr[39m=[32m"4"[39m
                  [36m/>[39m
                  [36m<polyline[39m
                    [33mpoints[39m=[32m"16 11 18 13 22 9"[39m
                  [36m/>[39m
                [36m</svg>[39m
              [36m</div>[39m
              [36m<span[39m
                [33mclass[39m=[32m"
                  text-[11px] font-semibold text-center max-w-[72px] leading-tight
                  text-text-secondary dark:text-text-secondary-dark
                "[39m
              [36m>[39m
                [0mCheck Your Eligibility[0m
              [36m</span>[39m
            [36m</div>[39m
            [36m<div[39m
              [33mclass[39m=[32m"flex-1 mx-2 h-0.5 rounded-full overflow-hidden bg-border-light 
dark:bg-border-dark"[39m
            [36m>[39m
              [36m<div[39m
                [33mclass[39m=[32m"h-full rounded-full transition-all duration-700"[39m
                [33mstyle[39m=[32m"width: 0%; background: linear-gradient(90deg, rgb(34, 197, 94), rgb(74, 222, 
128));"[39m
              [36m/>[39m
            [36m</div>[39m
          [36m</div>[39m
          [36m<div[39m
            [33mclass[39m=[32m"flex items-center flex-1"[39m
          [36m>[39m
            [36m<div[39m
              [33mclass[39m=[32m"flex flex-col items-center gap-1.5 flex-shrink-0"[39m
            [36m>[39m
              [36m<div[39m
                [33mclass[39m=[32m"
                  w-11 h-11 rounded-full flex items-center justify-center
                  border-2 shadow transition-all duration-400
                  bg-white dark:bg-card-dark border-border-light dark:border-border-dark
                "[39m
              [36m>[39m
                [36m<svg[39m
                  [33mclass[39m=[32m"lucide lucide-clipboard-list w-5 h-5 text-text-secondary 
dark:text-text-secondary-dark"[39m
                  [33mfill[39m=[32m"none"[39m
                  [33mheight[39m=[32m"24"[39m
                  [33mstroke[39m=[32m"currentColor"[39m
                  [33mstroke-linecap[39m=[32m"round"[39m
                  [33mstroke-linejoin[39m=[32m"round"[39m
                  [33mstroke-width[39m=[32m"1.75"[39m
                  [33mviewBox[39m=[32m"0 0 24 24"[39m
                  [33mwidth[39m=[32m"24"[39m
                  [33mxmlns[39m=[32m"http://www.w3.org/2000/svg"[39m
                [36m>[39m
                  [36m<rect[39m
                    [33mheight[39m=[32m"4"[39m
                    [33mrx[39m=[32m"1"[39m
                    [33mry[39m=[32m"1"[39m
                    [33mwidth[39m=[32m"8"[39m
                    [33mx[39m=[32m"8"[39m
                    [33my[39m=[32m"2"[39m
                  [36m/>[39m
                  [36m<path[39m
                    [...
[90m [2mΓ¥»[22m Object.getElementError node_modules/@testing-library/dom/dist/config.js:[2m37:19[22m[39m
[90m [2mΓ¥»[22m getElementError node_modules/@testing-library/dom/dist/query-helpers.js:[2m20:35[22m[39m
[90m [2mΓ¥»[22m getMultipleElementsFoundError 
node_modules/@testing-library/dom/dist/query-helpers.js:[2m23:10[22m[39m
[90m [2mΓ¥»[22m node_modules/@testing-library/dom/dist/query-helpers.js:[2m55:13[22m[39m
[90m [2mΓ¥»[22m node_modules/@testing-library/dom/dist/query-helpers.js:[2m95:19[22m[39m
[36m [2mΓ¥»[22m src/tests/VoterGuide.test.jsx:[2m17:19[22m[39m
    [90m 15|[39m   [34mit[39m([32m'shows progress bar'[39m[33m,[39m () [33m=>[39m {
    [90m 16|[39m     [34mrender[39m([33m<[39m[33mVoterGuide[39m [33m/[39m[33m>[39m)
    [90m 17|[39m     [34mexpect[39m(screen[33m.[39m[34mgetByText[39m([36m/Your 
Progress/i[39m))[33m.[39m[34mtoBeInTheDocument[39m()
    [90m   |[39m                   [31m^[39m
    [90m 18|[39m   })
    [90m 19|[39m

[31m[2mΓÄ»ΓÄ»ΓÄ»ΓÄ»ΓÄ»ΓÄ»ΓÄ»ΓÄ»ΓÄ»ΓÄ»ΓÄ»ΓÄ»ΓÄ»ΓÄ»ΓÄ»ΓÄ»ΓÄ»ΓÄ»ΓÄ»ΓÄ»ΓÄ»ΓÄ»ΓÄ»ΓÄ»[7/8]ΓÄ»[22m[39m

[41m[1m FAIL [22m[49m src/tests/VoterGuide.test.jsx[2m > [22mVoterGuide Component[2m > [22mupdates progress 
when step is checked
[31m[1mTestingLibraryElementError[22m[39m: Unable to find an element with the text: /1 of 5/i. This could be 
because the text is broken up by multiple elements. In this case, you can provide a function for your text matcher to 
make your matcher more flexible.

Ignored nodes: comments, script, style
[36m<body>[39m
  [36m<div>[39m
    [36m<section[39m
      [33maria-labelledby[39m=[32m"voter-guide-heading"[39m
      [33mclass[39m=[32m"relative px-4 sm:px-6 lg:px-8 py-16 lg:py-24 overflow-hidden"[39m
      [33mid[39m=[32m"voter-guide"[39m
      [33mstyle[39m=[32m"background: rgb(255, 255, 255);"[39m
    [36m>[39m
      [36m<div[39m
        [33mclass[39m=[32m"absolute top-0 left-0 w-80 h-80 bg-green-400/5 dark:bg-green-500/3 rounded-full blur-3xl 
pointer-events-none"[39m
      [36m/>[39m
      [36m<div[39m
        [33mclass[39m=[32m"absolute bottom-0 right-0 w-72 h-72 bg-eci-blue/5 dark:bg-eci-blue/3 rounded-full 
blur-3xl pointer-events-none"[39m
      [36m/>[39m
      [36m<div[39m
        [33mclass[39m=[32m"relative z-10 max-w-3xl mx-auto"[39m
      [36m>[39m
        [36m<div[39m
          [33mclass[39m=[32m"text-center mb-10 md:mb-12"[39m

[2m Test Files [22m [1m[31m4 failed[39m[22m[90m (4)[39m
[2m      Tests [22m [1m[31m8 failed[39m[22m[2m | [22m[1m[32m7 passed[39m[22m[90m (15)[39m
[2m   Start at [22m 21:02:04
[2m   Duration [22m 24.25s[2m (transform 2.92s, setup 4.22s, import 5.35s, tests 6.58s, environment 27.37s)[22m

        [36m>[39m
          [36m<div[39m
            [33mclass[39m=[32m"module-badge"[39m
          [36m>[39m
            [36m<span[39m
              [33mclass[39m=[32m"module-badge-line"[39m
            [36m/>[39m
            [36m<span[39m
              [33mclass[39m=[32m"module-badge-text"[39m
            [36m>[39m
              [0mModule 2[0m
            [36m</span>[39m
            [36m<span[39m
              [33mclass[39m=[32m"module-badge-line"[39m
            [36m/>[39m
          [36m</div>[39m
          [36m<h2[39m
            [33mclass[39m=[32m"text-3xl sm:text-4xl lg:text-5xl font-black tracking-tight text-gray-900 
dark:text-white"[39m
            [33mid[39m=[32m"voter-guide-heading"[39m
          [36m>[39m
            [0mYour[0m
            [0m [0m
            [36m<span[39m
              [33mclass[39m=[32m"text-gradient"[39m
            [36m>[39m
              [0mVoter[0m
            [36m</span>[39m
            [0m [0m
            [0mJourney[0m
          [36m</h2>[39m
          [36m<p[39m
            [33mclass[39m=[32m"mt-4 text-base sm:text-lg text-text-secondary dark:text-text-secondary-dark max-w-xl 
mx-auto leading-relaxed"[39m
          [36m>[39m
            [0mFive simple steps every Indian citizen needs to know before polling day.[0m
          [36m</p>[39m
        [36m</div>[39m
        [36m<div[39m
          [33maria-hidden[39m=[32m"true"[39m
          [33mclass[39m=[32m"hidden md:flex items-center mb-10 relative"[39m
          [33mrole[39m=[32m"presentation"[39m
        [36m>[39m
          [36m<div[39m
            [33mclass[39m=[32m"flex items-center flex-1"[39m
          [36m>[39m
            [36m<div[39m
              [33mclass[39m=[32m"flex flex-col items-center gap-1.5 flex-shrink-0"[39m
            [36m>[39m
              [36m<div[39m
                [33mclass[39m=[32m"
                  w-11 h-11 rounded-full flex items-center justify-center
                  border-2 shadow transition-all duration-400
                  bg-green-500 border-green-500 shadow-green-400/30
                "[39m
              [36m>[39m
                [36m<svg[39m
                  [33mclass[39m=[32m"lucide lucide-circle-check w-5 h-5 text-white"[39m
                  [33mfill[39m=[32m"none"[39m
                  [33mheight[39m=[32m"24"[39m
                  [33mstroke[39m=[32m"currentColor"[39m
                  [33mstroke-linecap[39m=[32m"round"[39m
                  [33mstroke-linejoin[39m=[32m"round"[39m
                  [33mstroke-width[39m=[32m"2.5"[39m
                  [33mviewBox[39m=[32m"0 0 24 24"[39m
                  [33mwidth[39m=[32m"24"[39m
                  [33mxmlns[39m=[32m"http://www.w3.org/2000/svg"[39m
                [36m>[39m
                  [36m<circle[39m
                    [33mcx[39m=[32m"12"[39m
                    [33mcy[39m=[32m"12"[39m
                    [33mr[39m=[32m"10"[39m
                  [36m/>[39m
                  [36m<path[39m
                    [33md[39m=[32m"m9 12 2 2 4-4"[39m
                  [36m/>[39m
                [36m</svg>[39m
              [36m</div>[39m
              [36m<span[39m
                [33mclass[39m=[32m"
                  text-[11px] font-semibold text-center max-w-[72px] leading-tight
                  text-green-500
                "[39m
              [36m>[39m
                [0mCheck Your Eligibility[0m
              [36m</span>[39m
            [36m</div>[39m
            [36m<div[39m
              [33mclass[39m=[32m"flex-1 mx-2 h-0.5 rounded-full overflow-hidden bg-border-light 
dark:bg-border-dark"[39m
            [36m>[39m
              [36m<div[39m
                [33mclass[39m=[32m"h-full rounded-full transition-all duration-700"[39m
                [33mstyle[39m=[32m"width: 100%; background: linear-gradient(90deg, rgb(34, 197, 94), rgb(74, 222, 
128));"[39m
              [36m/>[39m
            [36m</div>[39m
          [36m</div>[39m
          [36m<div[39m
            [33mclass[39m=[32m"flex items-center flex-1"[39m
          [36m>[39m
            [36m<div[39m
              [33mclass[39m=[32m"flex flex-col items-center gap-1.5 flex-shrink-0"[39m
            [36m>[39m
              [36m<div[39m
                [33mclass[39m=[32m"
                  w-11 h-11 rounded-full flex items-center justify-center
                  border-2 shadow transition-all duration-400
                  bg-white dark:bg-card-dark border-border-light dark:border-border-dark
                "[39m
              [36m>[39m
                [36m<svg[39m
                  [33mclass[39m=[32m"lucide lucide-clipboard-list w-5 h-5 text-text-secondary 
dark:text-text-secondary-dark"[39m
                  [33mfill[39m=[32m"none"[39m
                  [33mheight[39m=[32m"24"[39m
                  [33mstroke[39m=[32m"currentColor"[39m
                  [33mstroke-linecap[39m=[32m"round"[39m
                  [33mstroke-linejoin[39m=[32m"round"[39m
                  [33mstroke-width[39m=[32m"1.75"[39m
                  [33mviewBox[39m=[32m"0 0 24 24"[39m
                  [33mwidth[39m=[32m"24"[39m
                  [33mxmlns[39m=[32m"http://www.w3.org/2000/svg"[39m
                [36m>[39m
                  [36m<rect[39m
                    [33mheight[39m=[32m"4"[39m
                    [33mrx[39m=[32m"1"[39m
                    [33mry[39m=[32m"1"[39m
                    [33mwidth[39m=[32m"8"[39m
                    [33mx[39m=[32m"8"[39m
                    [33my[39m=[32m"2"[39m
                  [36m/>[39m
                  [36m<path[39m
                    [33md[39m=[32m"M16 4h2a2 2 0 0 1 2 2v14a2 2 0 0 1-2 2H6a2 2 0 0 1-2-2V6a2 2 0 0 1 2-2h2"[39m
                  [36m/>[39m
                  [36m<path[39m
                    [33md[39m=[32m"M12 11h4"[39m
                  [36m/>[39m
        ...
[90m [2mΓ¥»[22m Object.getElementError node_modules/@testing-library/dom/dist/config.js:[2m37:19[22m[39m
[90m [2mΓ¥»[22m node_modules/@testing-library/dom/dist/query-helpers.js:[2m76:38[22m[39m
[90m [2mΓ¥»[22m node_modules/@testing-library/dom/dist/query-helpers.js:[2m52:17[22m[39m
[90m [2mΓ¥»[22m node_modules/@testing-library/dom/dist/query-helpers.js:[2m95:19[22m[39m
[36m [2mΓ¥»[22m src/tests/VoterGuide.test.jsx:[2m24:19[22m[39m
    [90m 22|[39m     [35mconst[39m checkboxes [33m=[39m 
screen[33m.[39m[34mgetAllByRole[39m([32m'checkbox'[39m)
    [90m 23|[39m     fireEvent[33m.[39m[34mclick[39m(checkboxes[[34m0[39m])
    [90m 24|[39m     [34mexpect[39m(screen[33m.[39m[34mgetByText[39m([36m/1 of 
5/i[39m))[33m.[39m[34mtoBeInTheDocument[39m()
    [90m   |[39m                   [31m^[39m
    [90m 25|[39m   })
    [90m 26|[39m

[31m[2mΓÄ»ΓÄ»ΓÄ»ΓÄ»ΓÄ»ΓÄ»ΓÄ»ΓÄ»ΓÄ»ΓÄ»ΓÄ»ΓÄ»ΓÄ»ΓÄ»ΓÄ»ΓÄ»ΓÄ»ΓÄ»ΓÄ»ΓÄ»ΓÄ»ΓÄ»ΓÄ»ΓÄ»[8/8]ΓÄ»[22m[39m

